// Jest Snapshot v1, https://goo.gl/fbAQLP

exports[`Snapshot Component Testiing footer 1`] = `
<header>
  <div>
    <hr />
    Â© Visual Paths
  </div>
</header>
`;
